ok - .hub-profile.json exists
ok - AGENTS.md exists
ok - README.md exists
ok - compilation-manifest.yaml exists
ok - tools/validate-package.sh exists
ok - docs/guides/README.md exists
ok - docs/guides/00-quick-start.md exists
ok - docs/guides/01-repository-setup.md exists
ok - docs/guides/02-processes.md exists
ok - docs/guides/03-task-types.md exists
ok - docs/guides/04-running-tasks.md exists
ok - docs/guides/05-human-review.md exists
ok - docs/guides/06-dialog-rules.md exists
ok - README declares package 0.4
ok - manifest declares package 0.4
ok - manifest pins meta-model 0.4
ok - profile declares docs/kb fallback
ok - profile isolates tasks by chat
ok - profile writes outputs to runs
ok - profile declares corporate_repository
ok - profile declares confluence
ok - profile declares mango_web
ok - profile declares external_systems
ok - profile declares local_repository_fallback
ok - tier 1 corporate repository exists
ok - tier 2 Confluence exists
ok - tier 3 Mango web exists
ok - tier 4 external systems exists
ok - tier 5 local fallback exists
ok - unconfigured tiers are explicit out_of_slice
ok - C-IN accepts local fallback tier
ok - run sheet declares MD output path
ok - obsolete source tiers are absent
ok - shell validator is executable
ok - shell validator runs without Python on PATH
runtime smoke test passed
ok - AGENTS.md
ok - README.md
ok - .hub-profile.json
ok - compilation-manifest.yaml
ok - contracts/c-in.schema.json
ok - contracts/c-core.schema.json
ok - contracts/c-quest.schema.json
ok - contracts/c-out-bcreq.schema.json
ok - contracts/c-rk.schema.json
ok - routes/rg-bcreq-v1.yaml
ok - routes/run-sheet-template.yaml
ok - templates/bcreq-skeleton.md
ok - taxonomy/source-tiers.yaml
ok - evaluation/g-human-checklist.md
ok - .agents/skills/
ok - taxonomy/
ok - contracts/
ok - routes/
ok - templates/
ok - golden/
ok - evaluation/
ok - docs/kb/
ok - docs/guides/
ok - runs/
ok - JSON syntax
ok - knowledge tier ST-1-CORPORATE
ok - C-IN tier ST-1-CORPORATE
ok - knowledge tier ST-2-CONFLUENCE
ok - C-IN tier ST-2-CONFLUENCE
ok - knowledge tier ST-3-MANGO-WEB
ok - C-IN tier ST-3-MANGO-WEB
ok - knowledge tier ST-4-EXTERNAL
ok - C-IN tier ST-4-EXTERNAL
ok - knowledge tier ST-5-LOCAL
ok - C-IN tier ST-5-LOCAL
ok - local KB fallback
ok - chat task isolation
ok - Markdown output path
ok - 11 compiled skills
ok - route skill SK-ambiguity-detection
ok - route skill SK-answer-integration
ok - route skill SK-bcreq-assembly
ok - route skill SK-bcreq-decomposition
ok - route skill SK-context-extraction
ok - route skill SK-core-assembly
ok - route skill SK-problem-statement
ok - route skill SK-question-formation
ok - route skill SK-question-prioritization
ok - route skill SK-transcript-normalization
ok - route skill SK-value-hypothesis
ok - local KB contains 9212 files
ok - docs/guides/README.md
ok - docs/guides/00-quick-start.md
ok - docs/guides/01-repository-setup.md
ok - docs/guides/02-processes.md
ok - docs/guides/03-task-types.md
ok - docs/guides/04-running-tasks.md
ok - docs/guides/05-human-review.md
ok - docs/guides/06-dialog-rules.md
G-mach: package accepted (skills: 11, KB files: 9212).
